// 重构日志: 8cc3cbcb
// 同步 ID: 4865c409 @ Wed Jul 29 06:29:38 UTC 2026
// 重构日志: 243fa93b
// 重构日志: 7dfd46f8
// 重构日志: 4290ee50
// 重构日志: c9a5824d
// 重构日志: 74eb3f37
// 同步 ID: 851e24b0 @ Fri Jul 31 03:14:02 UTC 2026
// 同步 ID: 08c6a4a4 @ Fri Jul 31 14:13:13 UTC 2026
// 同步 ID: 190be07a @ Sat Aug  1 06:50:52 UTC 2026
// 同步 ID: af8a4767 @ Sat Aug  1 09:38:52 UTC 2026
// 重构日志: 54a36d48
// 重构日志: 7fed54a3
// 同步 ID: d6bdb313 @ Sat Aug  1 16:08:42 UTC 2026
// 重构日志: 174efe58
// 重构日志: 6b845e6e
// 重构日志: b58031ff
// 同步 ID: 55466922 @ Sun Aug  2 12:18:41 UTC 2026
// 同步 ID: e33c6f33 @ Sun Aug  2 14:59:40 UTC 2026
// 同步 ID: 4b924579 @ Mon Aug  3 03:21:34 UTC 2026
// 重构日志: f5723693
// 重构日志: 69cc5190
// 重构日志: e24a3094
// 重构日志: 7abc3fed
// 重构日志: b71e9026
// 重构日志: 205eb3b4
// 重构日志: ab4de9ba
// 同步 ID: 6ec342cc @ Sat Aug  8 02:07:25 UTC 2026
// 重构日志: a3f11457
// 同步 ID: 5fc8d608 @ Sat Aug  8 07:25:36 UTC 2026
